69
69
69
69
69
69
69
69
69
69
69
69
69
69
69
69
69
69
69
69
69
69
69
69
69
69
69
69
69
69
69
69
69
69
69
69
69
69
69
69
69
69
69
69
69
69
69
69
69
69
69
69
69
69
69
69
69
69
69
69
69
69
69
69
69
69
69
69
69
69
69
69
69
69
69
69
69
69
69
69
69
84
137
483
483
483
701
697
697
697
697
735
701
697
697
747
701
697
767
701
763
701
697
697
697
831
701
697
697
3463
701
697
697
889
701
697
697
697
697
913
697
701
697
697
911
943
701
697
697
697
697
697
697
697
697
697
697
697
697
697
697
697
697
697
697
697
697
697
697
697
697
697
697
697
697
697
697
697
697
697
697
697
3531
701
697
697
897
701
697
697
855
697
697
697
701
701
697
839
701
769
701
697
701
697
697
697
697
627
627
627
627
